eclmap
0 ? noop
1 ? delete
10 ? return
11 ? call
12 ? jmp
13 ? je
14 ? jne
15 ? callSep
16 ? callSlot
17 ? endSlot
40 ? alloc
42 ? pushi
43 ? seti
44 ? pushf
45 ? setf
50 ? addi
51 ? addf
52 ? subi
53 ? subf
54 ? muli
55 ? mulf
56 ? divi
57 ? divf
58 ? mod
59 ? eqi
60 ? eqf
61 ? neqi
62 ? neqf
63 ? lessi
64 ? lessf
65 ? leqi
66 ? leqf
67 ? greati
68 ? greatf
69 ? geqi
70 ? geqf
71 ? noti
72 ? notf
73 ? or
74 ? and
75 ? xor
76 ? and_b
77 ? or_b
78 ? decrement
82 ? normRad
83 ? wait
84 ? neg
85 ? negf
256 ? enmNewRel
257 ? enmNew
258 ? anmFile
259 ? anmAt
260 ? enmNewRelMir
261 ? enmNewMir
262 ? anmMoveAt
263 ? anmAt2
265 ? enmNewRelNoBoss
266 ? enmNewNoBoss
267 ? enmNewRelMirNoBoss
268 ? enmNewMirNoBoss
300 ? enmPos
301 ? enmPosTime
302 ? enmPos2
303 ? enmPosTime2
304 ? enmDir
305 ? enmDirTime
306 ? enmDir2
307 ? enmDirTime2
308 ? enmCir
309 ? enmCirTime
310 ? enmCir2
311 ? enmCirTime2
312 ? enmRand
313 ? enmRand2
314 ? enmToBoss
315 ? enmToBoss2
320 ? enmEll
321 ? enmEllTime
322 ? enmEll2
323 ? enmEllTime2
325 ? enmBezier
325 ? enmBezier2
400 ? hitbox
401 ? killbox
402 ? setFlags
403 ? unsetFlags
404 ? setMoveArea
405 ? unsetMoveArea
406 ? itemClear
407 ? itemEx
408 ? itemArea
409 ? itemDrop
410 ? itemMain
411 ? life
412 ? boss
413 ? resetBoss
414 ? interrupt
415 ? invinc
416 ? playSE
417 ? shake
418 ? msgBegin
419 ? msgWait
420 ? killWait 
421 ? timeoutAt
422 ? card
423 ? cardEnd
424 ? stageProg
425 ? enmClear
427 ? lifebar
429 ? setf_diff3
430 ? setf_diff5
431 ? setf_diff2
432 ? seti_diff3
433 ? seti_diff5
434 ? seti_diff2
435 ? seti_rank
436 ? setf_rank
437 ? cardE
438 ? cardN
439 ? cardH
440 ? lives
442 ? survival
445 ? resetBossParam
446 ? invincBomb
447 ? speed
448 ? wait_rank
453 ? strikeSE
454 ? logoShow
455 ? isAlive
456 ? storePos
500 ? etNew
501 ? etOn
502 ? etSpr
503 ? etOfs
504 ? etAng
505 ? etSpd
506 ? etAmt
507 ? etMode
508 ? etSE
509 ? etEx
510 ? etClear_all
511 ? etCopy
512 ? etClear
513 ? etClear_ni
514 ? etSpd_d3
515 ? etSpd_d5
516 ? etSpd_d2
517 ? etAmt_d3
518 ? etAmt_d5
519 ? etAmt_d2
520 ? getAim
521 ? etSpd_rank
522 ? etAmt_rank
523 ? etOfs_rad
524 ? etDist
525 ? etOfs_abs
526 ? fog
600 ? laserSize
601 ? laserTime
602 ? laserOn
603 ? laserOn2
604 ? laserOfs
605 ? laserDir
606 ? laserMaxLen
607 ? laserWidth
608 ? laserAng
609 ? laserRot
610 ? laserBreak
611 ? laserOn3

-10000 $ RAND
-9999 % RF
-9998 % RDEG
-9997 % FINAL_X
-9996 % FINAL_Y
-9995 % ABS_X
-9994 % ABS_Y
-9993 % REL_X
-9992 % REL_Y
-9991 % PLAYER_X
-9990 % PLAYER_Y
-9989 % AIM
-9988 $ TIME
-9987 % RF2
-9986 $ TIMEOUT
-9985 $ I0
-9984 $ I1
-9983 $ I2
-9982 $ I3
-9981 % F0
-9980 % F1
-9979 % F2
-9978 % F3
-9977 % FINAL_X2
-9976 % FINAL_Y2
-9975 % ABS_X2
-9974 % ABS_Y2
-9973 % REL_X2
-9972 % REL_Y2
-9971 % ANGLE_ABS
-9970 % ANGLE_REL
-9969 % SPEED_ABS
-9968 % SPEED_REL
-9967 % RADIUS_ABS
-9966 % RADIUS_REL
-9965 % PLAYER_X2
-9964 % PLAYER_Y2
-9963 % BOSSX
-9962 % BOSSY
-9960 $ DIFFICULTY
-9959 $ RANK
-9957 $ ONE
-9954 $ LIFE
-9953 $ EASY
-9952 $ NORMAL
-9951 $ HARD
-9950 $ LUNATIC
-9949 $ MISS_COUNT
-9948 $ BOMB_COUNT
-9947 $ CAPTURED
-9946 $ ENM_COUNT
-9945 $ SHOT_TYPE
-9944 % DIST
-9943 $ BOSS1
-9942 $ BOSS2
-9941 $ BOSS3
-9940 $ BOSS4
-9939 % BOSS1F
-9938 % BOSS2F
-9937 % BOSS3F
-9936 % BOSS4F
-9935 % F4
-9934 % F5
-9933 % F6
-9932 % F7
-9930 $ POWER
